{
  "captures": [
    {
      "capture": "capture-1",
      "request_count": 10,
      "successful_requests": 10,
      "fixed_lengths_valid": true,
      "wall_seconds": 192.58281922340393,
      "dram_pct_range": [
        72.66,
        95.23
      ],
      "sm_pct_range": [
        24.22,
        61.12
      ],
      "strong_indicator_count": 5
    },
    {
      "capture": "capture-2",
      "request_count": 10,
      "successful_requests": 10,
      "fixed_lengths_valid": true,
      "wall_seconds": 196.35776543617249,
      "dram_pct_range": [
        75.22,
        97.63
      ],
      "sm_pct_range": [
        25.17,
        46.8
      ],
      "strong_indicator_count": 7
    },
    {
      "capture": "capture-3",
      "request_count": 10,
      "successful_requests": 10,
      "fixed_lengths_valid": true,
      "wall_seconds": 193.30638432502747,
      "dram_pct_range": [
        77.01,
        96.03
      ],
      "sm_pct_range": [
        21.62,
        56.97
      ],
      "strong_indicator_count": 7
    }
  ],
  "total_kernels": 24,
  "capture_wall_minutes": 9.704116149743397,
  "limits": "Cold-cache kernel replay, unlocked clocks, selected early GEMV samples; not normal API timing or a causal optimization comparison.",
  "inferred_projection_groups": {
    "vocabulary_after_prefill": {
      "count": 3,
      "strong_indicator_count": 2,
      "dram_pct_range": [
        94.68,
        97.63
      ],
      "sm_pct_range": [
        36.37,
        61.12
      ],
      "read_GB_per_s_range": [
        541.5998039565139,
        557.0439404352807
      ]
    },
    "decode_qkv": {
      "count": 6,
      "strong_indicator_count": 6,
      "dram_pct_range": [
        80.62,
        87.58
      ],
      "sm_pct_range": [
        33.56,
        52.07
      ],
      "read_GB_per_s_range": [
        463.419689119171,
        503.50460593654043
      ]
    },
    "decode_attention_output": {
      "count": 6,
      "strong_indicator_count": 2,
      "dram_pct_range": [
        72.66,
        87.52
      ],
      "sm_pct_range": [
        21.62,
        44.78
      ],
      "read_GB_per_s_range": [
        417.470737913486,
        503.26687116564415
      ]
    },
    "decode_gate_up": {
      "count": 6,
      "strong_indicator_count": 6,
      "dram_pct_range": [
        90.47,
        95.28
      ],
      "sm_pct_range": [
        24.22,
        56.97
      ],
      "read_GB_per_s_range": [
        506.8014322916667,
        533.2280821917808
      ]
    },
    "decode_down": {
      "count": 3,
      "strong_indicator_count": 3,
      "dram_pct_range": [
        84.4,
        92.18
      ],
      "sm_pct_range": [
        27.32,
        53.97
      ],
      "read_GB_per_s_range": [
        485.1798382078407,
        530.0279006464784
      ]
    }
  }
}
