{
  "batches": 39,
  "knees": [
    {
      "workload": "A",
      "from": 1,
      "to": 2,
      "throughput_gain": 0.6349151221417679,
      "max_p95_rise": 1.1376035470491614,
      "flag": false
    },
    {
      "workload": "A",
      "from": 2,
      "to": 4,
      "throughput_gain": 0.7937799575502762,
      "max_p95_rise": 0.8246027823294735,
      "flag": false
    },
    {
      "workload": "A",
      "from": 4,
      "to": 8,
      "throughput_gain": 0.03895282281589152,
      "max_p95_rise": 11.143920475834282,
      "flag": true
    },
    {
      "workload": "A",
      "from": 8,
      "to": 16,
      "throughput_gain": 0.018239907283098544,
      "max_p95_rise": 1.7068555890580703,
      "flag": true
    },
    {
      "workload": "B",
      "from": 1,
      "to": 2,
      "throughput_gain": 0.7743822250690564,
      "max_p95_rise": 0.5866846919064768,
      "flag": false
    },
    {
      "workload": "B",
      "from": 2,
      "to": 4,
      "throughput_gain": 0.7829351999074468,
      "max_p95_rise": 0.9964004109621911,
      "flag": false
    },
    {
      "workload": "B",
      "from": 4,
      "to": 8,
      "throughput_gain": -0.024214592525225176,
      "max_p95_rise": 3.419690452042639,
      "flag": true
    },
    {
      "workload": "B",
      "from": 8,
      "to": 16,
      "throughput_gain": 0.009197042369611053,
      "max_p95_rise": 1.5257536737660895,
      "flag": true
    },
    {
      "workload": "C",
      "from": 1,
      "to": 2,
      "throughput_gain": 0.9199671295769558,
      "max_p95_rise": 1.1391945841577091,
      "flag": false
    },
    {
      "workload": "C",
      "from": 2,
      "to": 4,
      "throughput_gain": 0.9550714155391309,
      "max_p95_rise": 0.9169797305800853,
      "flag": false
    },
    {
      "workload": "C",
      "from": 4,
      "to": 8,
      "throughput_gain": 0.10287058016295325,
      "max_p95_rise": 32.32652751981505,
      "flag": false
    },
    {
      "workload": "C",
      "from": 8,
      "to": 16,
      "throughput_gain": -0.07460834883944656,
      "max_p95_rise": 2.108410461049052,
      "flag": true
    }
  ]
}
