{
  "batches": 16,
  "knees": [
    {
      "workload": "A",
      "from": 1,
      "to": 2,
      "throughput_gain": 0.6349151221417679,
      "max_p95_rise": 1.1376035470491614,
      "flag": false
    },
    {
      "workload": "A",
      "from": 2,
      "to": 4,
      "throughput_gain": 0.7937799575502762,
      "max_p95_rise": 0.8246027823294735,
      "flag": false
    },
    {
      "workload": "A",
      "from": 4,
      "to": 8,
      "throughput_gain": 0.03895282281589152,
      "max_p95_rise": 11.143920475834282,
      "flag": true
    },
    {
      "workload": "A",
      "from": 8,
      "to": 16,
      "throughput_gain": 0.018239907283098544,
      "max_p95_rise": 1.7068555890580703,
      "flag": true
    },
    {
      "workload": "B",
      "from": 1,
      "to": 2,
      "throughput_gain": 0.7743822250690564,
      "max_p95_rise": 0.5866846919064768,
      "flag": false
    },
    {
      "workload": "B",
      "from": 2,
      "to": 4,
      "throughput_gain": 0.7829351999074468,
      "max_p95_rise": 0.9964004109621911,
      "flag": false
    },
    {
      "workload": "B",
      "from": 4,
      "to": 8,
      "throughput_gain": -0.024214592525225176,
      "max_p95_rise": 3.419690452042639,
      "flag": true
    }
  ]
}
